To honour the JVM settings for this build a single-use Daemon process will be forked. For more on this, please refer to https://docs.gradle.org/8.12/userguide/gradle_daemon.html#sec:disabling_the_daemon in the Gradle documentation.
Daemon will be stopped at the end of the build 

> Configure project :Common
SpongePowered Vanilla 'GRADLE' Toolset Version '0.2.1-SNAPSHOT'
Targeting Minecraft '1.21.11' on a 'JOINED' platform

> Configure project :Fabric
Fabric Loom: 1.10.5

[Incubating] Problems report is available at: file:///home/alex/Documents/GitHub/fleet-tools/build/reports/problems/problems-report.html

FAILURE: Build failed with an exception.

* What went wrong:
A problem occurred configuring project ':Fabric'.
> Failed to setup Minecraft, java.lang.UnsupportedOperationException: Unsupported unpick version

* Try:
> Run with --stacktrace option to get the stack trace.
> Run with --info or --debug option to get more log output.
> Run with --scan to get full insights.
> Get more help at https://help.gradle.org.

Deprecated Gradle features were used in this build, making it incompatible with Gradle 9.0.

You can use '--warning-mode all' to show the individual deprecation warnings and determine if they come from your own scripts or plugins.

For more on this, please refer to https://docs.gradle.org/8.12/userguide/command_line_interface.html#sec:command_line_warnings in the Gradle documentation.

BUILD FAILED in 26s
